Generating PDF with Table to table_output.pdf...
Done.
